// Jest Snapshot v1, https://goo.gl/fbAQLP

exports[`StatsCards Component matches snapshot to ensure no unexpected changes 1`] = `
<div>
  <div
    class="grid grid-cols-2 md:grid-cols-3 xl:grid-cols-6 gap-4"
  >
    <div
      aria-label="My Trust: 95"
      class="bg-[#18181b] rounded-xl p-6 flex flex-col items-center justify-center border border-[#232329]"
    >
      <div
        class="text-2xl font-bold text-white flex items-center"
      >
        95
        <span
          class="ml-2"
        >
          <div
            data-testid="trust-score-tooltip"
          />
        </span>
      </div>
      <div
        class="text-xs text-[#a1a1aa] mt-1"
      >
        My Trust
      </div>
    </div>
    <div
      aria-label="Claims: 12,847"
      class="bg-[#18181b] rounded-xl p-6 flex flex-col items-center justify-center border border-[#232329]"
    >
      <div
        class="text-2xl font-bold text-white flex items-center"
      >
        12,847
      </div>
      <div
        class="text-xs text-[#a1a1aa] mt-1"
      >
        Claims
      </div>
    </div>
    <div
      aria-label="Verifications: 9,234"
      class="bg-[#18181b] rounded-xl p-6 flex flex-col items-center justify-center border border-[#232329]"
    >
      <div
        class="text-2xl font-bold text-white flex items-center"
      >
        9,234
      </div>
      <div
        class="text-xs text-[#a1a1aa] mt-1"
      >
        Verifications
      </div>
    </div>
    <div
      aria-label="Votes Cast: 847,291"
      class="bg-[#18181b] rounded-xl p-6 flex flex-col items-center justify-center border border-[#232329]"
    >
      <div
        class="text-2xl font-bold text-white flex items-center"
      >
        847,291
      </div>
      <div
        class="text-xs text-[#a1a1aa] mt-1"
      >
        Votes Cast
      </div>
    </div>
    <div
      aria-label="Unique Verifiers: 4,128"
      class="bg-[#18181b] rounded-xl p-6 flex flex-col items-center justify-center border border-[#232329]"
    >
      <div
        class="text-2xl font-bold text-white flex items-center"
      >
        4,128
      </div>
      <div
        class="text-xs text-[#a1a1aa] mt-1"
      >
        Unique Verifiers
      </div>
    </div>
    <div
      aria-label="TVL: $2.4M"
      class="bg-[#18181b] rounded-xl p-6 flex flex-col items-center justify-center border border-[#232329]"
    >
      <div
        class="text-2xl font-bold text-white flex items-center"
      >
        $2.4M
      </div>
      <div
        class="text-xs text-[#a1a1aa] mt-1"
      >
        TVL
      </div>
    </div>
    <div
      aria-label="Chains: 7"
      class="bg-[#18181b] rounded-xl p-6 flex flex-col items-center justify-center border border-[#232329]"
    >
      <div
        class="text-2xl font-bold text-white flex items-center"
      >
        7
      </div>
      <div
        class="text-xs text-[#a1a1aa] mt-1"
      >
        Chains
      </div>
    </div>
  </div>
</div>
`;
